AF178033        EMORG:AF031391  85.48   806     117     0       1       806     99      904     0.0     644.8
AF178033        EMORG:AF353201  85.36   806     118     0       1       806     99      904     1e-179  636.8
AF178033        EMORG:AF353200  84.99   806     121     0       1       806     99      904     2e-172  613.0