<?xml version="1.0"?>
<!DOCTYPE BlastOutput PUBLIC "-//NCBI//NCBI BlastOutput/EN" "http://www.ncbi.nlm.nih.gov/dtd/NCBI_BlastOutput.dtd">
<BlastOutput>
  <BlastOutput_program>blastn</BlastOutput_program>
  <BlastOutput_version>blastn 2.2.15 [Oct-15-2006]</BlastOutput_version>
  <BlastOutput_reference>~Reference: Altschul, Stephen F., Thomas L. Madden, Alejandro A. Schaffer, ~Jinghui Zhang, Zheng Zhang, Webb Miller, and David J. Lipman (1997), ~&quot;Gapped BLAST and PSI-BLAST: a new generation of protein database search~programs&quot;,  Nucleic Acids Res. 25:3389-3402.</BlastOutput_reference>
  <BlastOutput_db>/local/devel/VIRIFX/users/dkatzel/eclipseWorkspace/ElviraJava/eclipse-bin/rtv/blastDb/RotaC_ReferenceDB_v15.1_14_NOV_2013.fixed.fasta</BlastOutput_db>
  <BlastOutput_query-ID>lcl|1_0</BlastOutput_query-ID>
  <BlastOutput_query-def>VP1</BlastOutput_query-def>
  <BlastOutput_query-len>3269</BlastOutput_query-len>
  <BlastOutput_param>
    <Parameters>
      <Parameters_expect>10</Parameters_expect>
      <Parameters_sc-match>1</Parameters_sc-match>
      <Parameters_sc-mismatch>-3</Parameters_sc-mismatch>
      <Parameters_gap-open>5</Parameters_gap-open>
      <Parameters_gap-extend>2</Parameters_gap-extend>
      <Parameters_filter>F</Parameters_filter>
    </Parameters>
  </BlastOutput_param>
  <BlastOutput_iterations>
    <Iteration>
      <Iteration_iter-num>1</Iteration_iter-num>
      <Iteration_query-ID>lcl|1_0</Iteration_query-ID>
      <Iteration_query-def>VP1</Iteration_query-def>
      <Iteration_query-len>3269</Iteration_query-len>
      <Iteration_hits>
        <Hit>
          <Hit_num>1</Hit_num>
          <Hit_id>gnl|BL_ORD_ID|0</Hit_id>
          <Hit_def>No definition line found</Hit_def>
          <Hit_accession>R1-RVA/Human-tc/USA/Wa/1974/G1P8</Hit_accession>
          <Hit_len>3302</Hit_len>
          <Hit_hsps>
            <Hsp>
              <Hsp_num>1</Hsp_num>
              <Hsp_bit-score>6122.01</Hsp_bit-score>
              <Hsp_score>3073</Hsp_score>
              <Hsp_evalue>0</Hsp_evalue>
              <Hsp_query-from>1</Hsp_query-from>
              <Hsp_query-to>3269</Hsp_query-to>
              <Hsp_hit-from>18</Hsp_hit-from>
              <Hsp_hit-to>3286</Hsp_hit-to>
              <Hsp_query-frame>1</Hsp_query-frame>
              <Hsp_hit-frame>1</Hsp_hit-frame>
              <Hsp_identity>3208</Hsp_identity>
              <Hsp_positive>3208</Hsp_positive>
              <Hsp_align-len>3269</Hsp_align-len>
              <Hsp_qseq>AATGGGGAAGTACAATCTAATCTTGTCAGAATATTTATCATTTGTTTACAATTCACAATCTGCAGTTCAAATACCAATTTACTATTCTTCTAATTCAGAATTAGAAAAGAGATGTATCGAATTTCATGCTAAATGTGTTGACAGTTCTAAGAAAGGTATGTCATTAARACCTTTATTCGAAGAATATGAAGATGTAATAGATAATGCAACTTTACTATCTATATTATCATATTCTTATGACAAATACAACGCTGTAGAACGAAAGTTAGTCAATTATGCTAAAGGTAAACCATTAGAGGCTGATTTATCGGCAAACGAAATTGATTATGAAAATAATAAAATAACTTCTGAATTGTTTCAGTCGGCCGAAGAATAYACTGATTCATTAATGGATCCTGCTATATTAACTTCGTTATCTTCAAATTTAAATGCAGTCATGTTTTGGTTAGAACGACATTCAAATGACRTTRCTGATGCAAATAAAATTTATAARCGTAGAYTGGATCTATTTACCATAGTAGCATCTACAATAAATAAATATGGAGTGCCTAGACATAATGAAAAATACAGATATGAATACGAGGTGATGAAGGATAAACCGTATTACTTAGTAACATGGGCTAACTCATCTATAGAAATGCTTATGTCAGTGTTTTCACATGAAGATTATTTAATAGCAAAAGAGTTAATAATATTATCATATTCAAATAGATCGACGTTAGCTAAAYTAGTTTCATCTCCAATGTCGATATTAGTTGCATTRATAGATATCAATGGTACGTTTATTACAAATGAAGAGTTAGAACTTGAATTTTCAGATAAATATGTTAAGGCAATTGTACCTGATCAAATTTTCGATGAATTACAGGAAATGATCGATAATATGAGAAAAGCTGGTTTAGTAGATATACCAAGAATGATTCAAGAATGGTTAGTTGATTGTTCGTTAGAGAAATTTACATTGATGTCAAAAATTTATTCTTGGTCATTTCATGTTGGATTTAGAAAACAAAAGATGATTGACGCAGCATTAGATCAATTGAAGACAGAGTACACTGAAGATGTAGATGGTGAGATGTACAATGAGTACACAATGTTAATTAGAGATGAAATAGTCAAGATGCTAGAAGTACCAGTTAAACATGATGATCATCTACTTCGCGATTCAGAATTAGCCGGATTGTTATCAATGTCATCAGCTTCAAATGGTGAATCAAGACAGCTTAAATTTGGTCGTAAAACGATATTTTCAACTAAGAAAAATATGCATGTCATGGATGATATTGCACATGGAAGATATACTCCAGGTGTCATTCCTCCAGTAAACGTAGATAGACCAATTCCATTAGGTCGTAGAGATGTTCCTGGACGAAGAACAAGGATTATATTCATATTACCATATGAATACTTTATTGCGCAGCACGCTGTTGTAGAAAAAATGTTATCATACGCGAAGCATACTAGAGAGTACGCAGAATTTTACTCACAGTCAAATCAATTATTATCATACGGYGATGTTACAAGATTYTTATCCAGTAATTCTATGGTATTATACACAGACGTTTCACAATGGGATTCATCACAGCATAACACACAGCCATTTAGAAAAGGAATAATTATGGGTTTAGATATGTTATCCAATATGACTAATGATCCAAAAGTAGTACAAACGCTAAAYTTATATAAACAAACACAAATTAATCTCATGGATTCATACGTTCAAATACCTGATGGTAATGTAATCAAAAAGATTCAGTATGGTGCTGTTGCTTCAGGAGAAAAACAAACTAAGGCAGCTAATTCTATAGCTAATTTAGCACTCATTAAAACGGTRTTGTCAAGGATTGCAAATAAGTATTCTTTTATAACCAAAATAATCAGAGTCGATGGTGATGATAATTATGCAGTGCTACAATTTAACACCGATGTCACTAAACAAATGGTCCAAGATGTGTCAAACGATGTGAGATATATATATTCTAGAATGAATGCTAAAGTTAAAGCATTRGTATCTACAGTCGGTATTGAAATAGCRAAAAGATATATAGCAGGAGGAAAAATATTTTTCAGAGCTGGTATAAACTTATTAAATAATGAGAAACGTGGGCAAAGTACACAATGGGATCAAGCAGCTATTTTATATTCAAACTACATAGTTAACAAATTACGAGGATTTGAGACTGATAGAGAATTTATATTAACTAAAATTATACAAATGACATCTGTAGCTATTACTGGATCACTAAGGYTATTTCCRTCAGAACGAGTGTTAACTACTAATTCTACATTCAAAGTATTTGACTCAGAAGATTTCATTATAGAATATGGGACAACTRAYGATGAAGTATATATACAAAGAGCATTTATGTCACTGTCTAGTCAAAARTCAGGAATAGCTGATGAAATAGCTTCTTCACAAACATTTAAAAATTATGTTAACAAATTATCTGACCAATTATTAATATCAAAAAACGTAATTGTATCCAAAGGTATAGCTGTAACAGAAAAGGCGAAATTGAATTCATATGCACCAGTTTATTTAGAAAAACGTCGTGCACAAATATCAGCGTTATTAACTATGTTGCAGAAACCAGTGTCATTTAAATCAAATAAAATTACTATTAATGACATTTTRCGTGACATAAAACCATTTTTTGTCACTTCTGAAGCTAATTTGCCAATTCAATACAGGAAATTTATGCCAACACTGCCTAATAATGTYCAATATGTTATACAATGYATAGGATCGAGGACGTATCAAATAGAAGAYAGTGGGTCAAAATCATCGATTTCGAAGTTAATATCAAAATATTCAGTTTAYAAACCATCGATTGAAGAACTATATAAAGTTATATCTTTAAGAGAACAAGAAATACAGTTGTATTTAGTTTCATTAGGAGTTCCACCAGTTGACGCAGGTACGTACGTTGGGTCAAGAATATATTCGCAGGATAAGTATAAAATATTAGAATCTTACGTATATAATTTATTATCAATTAATTATGGATGTTATCAACTATTCGATTTTAATTCTCCAGATTTAGAGAAACTTATACGAATTCCTTTTAAAGGCAAGATACCAGCTGTAACATTTATATTGCATCTTTATGCTAAGCTTGAAATAATAAACTATGCTATTAAGAATGGAGCTTGGATTAGTTTGTTTTGTAACTACCCAAAATCTGAAATGATTAAATTATGGAAGAAAATGTGGAATATAACAGCATTACGGTCTCCCTACACGAGTGCGAACTTCTTTCAAGATTAGA</Hsp_qseq>
              <Hsp_hseq>AATGGGGAAGTACAATCTAATCTTGTCAGAATATTTATCATTTGTTTACAATTCACAATCTGCAGTTCAAATACCAATTTACTATTCTTCTAATTCAGAATTAGAAAAGAGATGTATCGAATTTCATGCTAAATGTGTTGACAGTTCTAAGAAAGGTCTGTCATTAAAACCTTTATTCGAAGAATATAAAGATGTAATAGATAATGCAACTTTACTATCTATATTATCATATTCTTATGACAAATACAACGCTGTAGAACGAAAGCTAGTCAATTATGCTAAAGGTAAACCATTAGAGGCTGATTTAACGGCAAACGAGATTGATTATGAAAATAATAAAATAACTTCTGAATTGTTTCAGTCAGCCGAAGAATATACTGATTCATTAATGGATCCTGCTATATTAACTTCGTTATCTTCAAATTTAAATGCAGTCATGTTTTGGTTAGAACGACATTCAAATGACGTTGCTGATGCAAACAAAATTTATAAACGTAGACTGGATCTATTTACCATAGTAGCATCTACAATAAATAAATATGGAGTGCCTAGACATAATGAAAAATACAGATATGAATACGAGGTGATGAAGGATAAACCGTATTACTTAGTAACATGGGCTAACTCATCTATAGAAATGCTTATGTCAGTGTTTTCACATGAAGATTATTTAATAGCAAAAGAGTTAATAATATTATCATATTCAAATAGATCGACGTTAGCTAAACTAGTTTCATCTCCAATGTCGATATTAGTTGCATTAATAGATATCAATGGTACGTTTATTACAAATGAAGAGTTAGAACTTGAATTTTCAGATAAATATGTTAAGGCAATTGTACCTGATCAAATTTTCGATGAATTACAGGAAATGATCGACAATATGAGAAAAGCTGGTTTAGTAGATATACCAAGAATGATTCAAGAATGGTTAGTTGATTGTTCATTAGAGAAATTTACACTGATGTCAAAAATTTATTCTTGGTCATTTCATGTTGGATTTAGAAAACAAAAGATGATTGACGCAGCATTAGACCAATTGAAGACAGAGTACACTGAAGATGTAGATGGTGAGATGTACAATGAGTATACAATGTTAATTAGAGATGAAATAGTCAAGATGCTAGAAGTACCAGTTAAACATGATGATCATCTACTTCGCGATTCAGAATTAGCCGGATTGTTATCAATGTCATCAGCTTCAAATGGTGAATCAAGGCAGCTTAAATTTGGTCGTAAAACGATATTTTCAACTAAGAAAAATATGCATGTCATGGATGATATTGCACATGGAAGATATACTCCGGGTGTCATTCCTCCAGTAAACGTAGATAGGCCAATTCCATTAGGTCGTAGAGATGTTCCTGGACGAAGAACAAGAATTATATTCATATTACCATATGAATACTTTATTGCGCAGCACGCTGTCGTAGAAAAAATGTTATCATACGCAAAGCATACTAGAGAGTACGCAGAATTTTACTCGCAGTCAAATCAATTGCTATCATATGGTGATGTTACAAGATTCTTATCCAGTAATTCTATGGTATTATACACAGACGTTTCACAATGGGATTCATCACAACATAACACACAGCCATTTAGAAAAGGAATAATTATGGGTTTAGATATGTTATCCAATATGACTAATGATCCAAAAGTAGTACAAACGCTAAATTTATATAAACAAACACAAATTAATCTCATGGATTCATACGTTCAAATACCTGATGGTAATGTAATCAAAAAGATTCAGTATGGTGCTGTTGCTTCAGGAGAAAAACAAACTAAGGCAGCTAATTCTATAGCTAACTTAGCACTCATTAAAACGGTATTGTCAAGGATTGCAAATAAGTATTCTTTTATAACCAAAATAATCAGAGTCGATGGTGATGATAATTATGCAGTGCTACAATTTAACACCGATGTCACTAAACAAATGGTCCAAGATGTGTCAAACGATGTGAGATATATATATTCTAGAATGAATGCTAAAGTTAAAGCATTGGTATCTACAGTCGGTATTGAAATAGCAAAAAGATATATAGCAGGAGGAAAAATATTTTTCAGAGCTGGTATAAACTTATTAAATAATGAGAAACGTGGGCAAAGTACACAATGGGATCAAGCAGCTATTTTATATTCAAACTACATTGTTAACAAATTACGAGGATTTGAGACTGATAGAGAATTTATATTAACTAAAATTATACAAATGACATCTGTAGCCATTACTGGATCACTAAGGTTATTTCCGTCAGAACGAGTGTTAACTACTAATTCTACATTCAAAGTATTTGACTCAGAAGATTTCATTATAGAATATGGGACAACTAACGATGAAGTATATATACAAAGAGCATTTATGTCACTGTCTAGTCAAAAGTCAGGAATAGCTGATGAAATAGCTTCTTCACAAACATTTAAAAATTATGTTAACAAATTATCTGACCAATTATTAATATCGAAAAACGTAATTGTATCCAAAGGTATAGCTGTAACAGAAAAGGCGAAATTGAATTCATATGCACCAGTTTATTTAGAAAAACGTCGTGCGCAAATATCAGCGTTATTAACTATGTTGCAGAAACCAGTGTCATTTAAATCAAATAAAATTACTATTAATGACATTTTGCGTGACATAAAACCATTTTTTATCACTTCTGAAGCTAATTTGCCAATTCAATACAGAAAATTTATGCCAACACTACCTAATAATGTCCAATATGTTATACAATGCATAGGATCGAGGACGTATCAAATAGAAGATAGTGGGTCAAAATCATCGATTTCGAAGTTAATATCAAAATATTCAGTTTACAAACCATCGATTGAAGAACTATATAAAGTTATATCTTTAAGAGAACAAGAAATACAGTTGTATTTAGTTTCATTAGGAGTTCCACCAGTTGATGCAGGCACGTACGTTGGGTCAAGAATATATTCGCAGGATAAGTATAAAATATTAGAATCTTACGTATATAATTTATTATCAATTAATTATGGATGTTATCAACTATTCAATTTTAATTCTCCAGATTTAGAGAAACTTATACGAATTCCTTTTAAAGGCAAGATACCAGCCGTAACATTTATATTGCATCTTTATGCTAAACTTGAAATAATAAACTATGCTATTAAGAATGGAGCTTGGATTAGTTTGTTTTGTAACTACCCAAAATCTGAAATGATTAAATTATGGAAGAAAATGTGGAATATAACAGCATTACGGTCTCCCTACACTAGTGCGAACTTCTTTCAAGATTAGA</Hsp_hseq>
              <Hsp_midline>||||||||||||||||||||||||||||||||||||||||||||||||||||||||||||||||||||||||||||||||||||||||||||||||||||||||||||||||||||||||||||||||||||||||||||||||||||||||||||| ||||||||| ||||||||||||||||||| ||||||||||||||||||||||||||||||||||||||||||||||||||||||||||||||||||||||||||||| ||||||||||||||||||||||||||||||||||||||||| |||||||||| |||||||||||||||||||||||||||||||||||||||||||| ||||||||||| |||||||||||||||||||||||||||||||||||||||||||||||||||||||||||||||||||||||||||||||||||||||||| || |||||||||| ||||||||||| |||||| ||||||||||||||||||||||||||||||||||||||||||||||||||||||||||||||||||||||||||||||||||||||||||||||||||||||||||||||||||||||||||||||||||||||||||||||||||||||||||||||||||||||||||||||||||||||||||||||||||||||||||||||||||||||||||||||||||| |||||||||||||||||||||||||||||||||| |||||||||||||||||||||||||||||||||||||||||||||||||||||||||||||||||||||||||||||||||||||||||||||||||||||||||||||||||||| ||||||||||||||||||||||||||||||||||||||||||||||||||||||||||||||||| ||||||||||||||| ||||||||||||||||||||||||||||||||||||||||||||||||||||||||||||||||||||||||| ||||||||||||||||||||||||||||||||||||||||||||||||||||| |||||||||||||||||||||||||||||||||||||||||||||||||||||||||||||||||||||||||||||||||||||||||||||||||||||||||||||||||||||||||||||||| |||||||||||||||||||||||||||||||||||||||||||||||||||||||||||||||||||||||||||||||||||||| ||||||||||||||||||||||||||||| |||||||||||||||||||||||||||||||||||||||||||| ||||||||||||||||||||||||||||||||||||||||||||||| ||||||||||||||||||||||| |||||||||||||||||||||||||||||||| ||||||||||||||  ||||||| || |||||||||||||| |||||||||||||||||||||||||||||||||||||||||||||||||||||||| |||||||||||||||||||||||||||||||||||||||||||||||||||||||||||||||||||||||||||||||||||||||||||| |||||||||||||||||||||||||||||||||||||||||||||||||||||||||||||||||||||||||||||||||||||||||||||||||||||||||||||||||||||||||||||||||||||| |||||||||||||||||||| ||||||||||||||||||||||||||||||||||||||||||||||||||||||||||||||||||||||||||||||||||||||||||||||||||||||||||||||||||||||||||||||||||||||||||||||||||||||||||||||||||||||||||||| |||||||||||||||||||||||||| ||||||||||||||||||||||||||||||||||||||||||||||||||||||||||||||||||||||||||||||||||||||||||||||||||||||||||||||||||||||| |||||||||||||||||||||||||||||||||||||||||||||||||||||||||||||||||||||||||| |||||||||||||||||| ||||||| |||||||||||||||||||||||||||||||||||||||||||||||||||||||||||||||||||||||||||||| | ||||||||||||||||||||||||||||||||||||||||||||||| |||||||||||||||||||||||||||||||||||||||||||||||||||||||||||||||||||||||||||||||| ||||||||||||||||||||||||||||||||||||||||||||||||||||||||||||||||||||||||||||||||||||||||| ||||||||||||||||||||||||||||||||||||||||||||||||||||||||||||||||||||||||||||| ||||||||||||||||||||| |||||||||||||||||||||||||||||||||| ||||||||||||||||| ||||||||||| ||||||||||||||||| ||||||||||||||||||||||||||||| |||||||||||||||||||||||||||||||||||||||||||||||||| |||||||||||||||||||||||||||||||||||||||||||||||||||||||||||||||||||||||||||||||||||||||||||| ||||| |||||||||||||||||||||||||||||||||||||||||||||||||||||||||||||||||||||||||||||||||||||||||||||||||||||| ||||||||||||||||||||||||||||||||||||||||||||||||||||||||||||| ||||||||||||||||||||||||||||| |||||||||||||||||||||||||||||||||||||||||||||||||||||||||||||||||||||||||||||||||||||||||||||||||||||||||||||||||||||||||||||||| |||||||||||||||||||||||||</Hsp_midline>
            </Hsp>
            <Hsp>
              <Hsp_num>2</Hsp_num>
              <Hsp_bit-score>28.3792</Hsp_bit-score>
              <Hsp_score>14</Hsp_score>
              <Hsp_evalue>9.85754</Hsp_evalue>
              <Hsp_query-from>2068</Hsp_query-from>
              <Hsp_query-to>2055</Hsp_query-to>
              <Hsp_hit-from>2072</Hsp_hit-from>
              <Hsp_hit-to>2085</Hsp_hit-to>
              <Hsp_query-frame>1</Hsp_query-frame>
              <Hsp_hit-frame>-1</Hsp_hit-frame>
              <Hsp_identity>14</Hsp_identity>
              <Hsp_positive>14</Hsp_positive>
              <Hsp_align-len>14</Hsp_align-len>
              <Hsp_qseq>GAAAAATATTTTTC</Hsp_qseq>
              <Hsp_hseq>GAAAAATATTTTTC</Hsp_hseq>
              <Hsp_midline>||||||||||||||</Hsp_midline>
            </Hsp>
          </Hit_hsps>
        </Hit>
        <Hit>
          <Hit_num>2</Hit_num>
          <Hit_id>gnl|BL_ORD_ID|3</Hit_id>
          <Hit_def>No definition line found</Hit_def>
          <Hit_accession>R1-RVA/Human-tc/USA/D/1974/G1P8</Hit_accession>
          <Hit_len>3264</Hit_len>
          <Hit_hsps>
            <Hsp>
              <Hsp_num>1</Hsp_num>
              <Hsp_bit-score>6088.14</Hsp_bit-score>
              <Hsp_score>3056</Hsp_score>
              <Hsp_evalue>0</Hsp_evalue>
              <Hsp_query-from>2</Hsp_query-from>
              <Hsp_query-to>3265</Hsp_query-to>
              <Hsp_hit-from>1</Hsp_hit-from>
              <Hsp_hit-to>3264</Hsp_hit-to>
              <Hsp_query-frame>1</Hsp_query-frame>
              <Hsp_hit-frame>1</Hsp_hit-frame>
              <Hsp_identity>3200</Hsp_identity>
              <Hsp_positive>3200</Hsp_positive>
              <Hsp_align-len>3264</Hsp_align-len>
              <Hsp_qseq>ATGGGGAAGTACAATCTAATCTTGTCAGAATATTTATCATTTGTTTACAATTCACAATCTGCAGTTCAAATACCAATTTACTATTCTTCTAATTCAGAATTAGAAAAGAGATGTATCGAATTTCATGCTAAATGTGTTGACAGTTCTAAGAAAGGTATGTCATTAARACCTTTATTCGAAGAATATGAAGATGTAATAGATAATGCAACTTTACTATCTATATTATCATATTCTTATGACAAATACAACGCTGTAGAACGAAAGTTAGTCAATTATGCTAAAGGTAAACCATTAGAGGCTGATTTATCGGCAAACGAAATTGATTATGAAAATAATAAAATAACTTCTGAATTGTTTCAGTCGGCCGAAGAATAYACTGATTCATTAATGGATCCTGCTATATTAACTTCGTTATCTTCAAATTTAAATGCAGTCATGTTTTGGTTAGAACGACATTCAAATGACRTTRCTGATGCAAATAAAATTTATAARCGTAGAYTGGATCTATTTACCATAGTAGCATCTACAATAAATAAATATGGAGTGCCTAGACATAATGAAAAATACAGATATGAATACGAGGTGATGAAGGATAAACCGTATTACTTAGTAACATGGGCTAACTCATCTATAGAAATGCTTATGTCAGTGTTTTCACATGAAGATTATTTAATAGCAAAAGAGTTAATAATATTATCATATTCAAATAGATCGACGTTAGCTAAAYTAGTTTCATCTCCAATGTCGATATTAGTTGCATTRATAGATATCAATGGTACGTTTATTACAAATGAAGAGTTAGAACTTGAATTTTCAGATAAATATGTTAAGGCAATTGTACCTGATCAAATTTTCGATGAATTACAGGAAATGATCGATAATATGAGAAAAGCTGGTTTAGTAGATATACCAAGAATGATTCAAGAATGGTTAGTTGATTGTTCGTTAGAGAAATTTACATTGATGTCAAAAATTTATTCTTGGTCATTTCATGTTGGATTTAGAAAACAAAAGATGATTGACGCAGCATTAGATCAATTGAAGACAGAGTACACTGAAGATGTAGATGGTGAGATGTACAATGAGTACACAATGTTAATTAGAGATGAAATAGTCAAGATGCTAGAAGTACCAGTTAAACATGATGATCATCTACTTCGCGATTCAGAATTAGCCGGATTGTTATCAATGTCATCAGCTTCAAATGGTGAATCAAGACAGCTTAAATTTGGTCGTAAAACGATATTTTCAACTAAGAAAAATATGCATGTCATGGATGATATTGCACATGGAAGATATACTCCAGGTGTCATTCCTCCAGTAAACGTAGATAGACCAATTCCATTAGGTCGTAGAGATGTTCCTGGACGAAGAACAAGGATTATATTCATATTACCATATGAATACTTTATTGCGCAGCACGCTGTTGTAGAAAAAATGTTATCATACGCGAAGCATACTAGAGAGTACGCAGAATTTTACTCACAGTCAAATCAATTATTATCATACGGYGATGTTACAAGATTYTTATCCAGTAATTCTATGGTATTATACACAGACGTTTCACAATGGGATTCATCACAGCATAACACACAGCCATTTAGAAAAGGAATAATTATGGGTTTAGATATGTTATCCAATATGACTAATGATCCAAAAGTAGTACAAACGCTAAAYTTATATAAACAAACACAAATTAATCTCATGGATTCATACGTTCAAATACCTGATGGTAATGTAATCAAAAAGATTCAGTATGGTGCTGTTGCTTCAGGAGAAAAACAAACTAAGGCAGCTAATTCTATAGCTAATTTAGCACTCATTAAAACGGTRTTGTCAAGGATTGCAAATAAGTATTCTTTTATAACCAAAATAATCAGAGTCGATGGTGATGATAATTATGCAGTGCTACAATTTAACACCGATGTCACTAAACAAATGGTCCAAGATGTGTCAAACGATGTGAGATATATATATTCTAGAATGAATGCTAAAGTTAAAGCATTRGTATCTACAGTCGGTATTGAAATAGCRAAAAGATATATAGCAGGAGGAAAAATATTTTTCAGAGCTGGTATAAACTTATTAAATAATGAGAAACGTGGGCAAAGTACACAATGGGATCAAGCAGCTATTTTATATTCAAACTACATAGTTAACAAATTACGAGGATTTGAGACTGATAGAGAATTTATATTAACTAAAATTATACAAATGACATCTGTAGCTATTACTGGATCACTAAGGYTATTTCCRTCAGAACGAGTGTTAACTACTAATTCTACATTCAAAGTATTTGACTCAGAAGATTTCATTATAGAATATGGGACAACTRAYGATGAAGTATATATACAAAGAGCATTTATGTCACTGTCTAGTCAAAARTCAGGAATAGCTGATGAAATAGCTTCTTCACAAACATTTAAAAATTATGTTAACAAATTATCTGACCAATTATTAATATCAAAAAACGTAATTGTATCCAAAGGTATAGCTGTAACAGAAAAGGCGAAATTGAATTCATATGCACCAGTTTATTTAGAAAAACGTCGTGCACAAATATCAGCGTTATTAACTATGTTGCAGAAACCAGTGTCATTTAAATCAAATAAAATTACTATTAATGACATTTTRCGTGACATAAAACCATTTTTTGTCACTTCTGAAGCTAATTTGCCAATTCAATACAGGAAATTTATGCCAACACTGCCTAATAATGTYCAATATGTTATACAATGYATAGGATCGAGGACGTATCAAATAGAAGAYAGTGGGTCAAAATCATCGATTTCGAAGTTAATATCAAAATATTCAGTTTAYAAACCATCGATTGAAGAACTATATAAAGTTATATCTTTAAGAGAACAAGAAATACAGTTGTATTTAGTTTCATTAGGAGTTCCACCAGTTGACGCAGGTACGTACGTTGGGTCAAGAATATATTCGCAGGATAAGTATAAAATATTAGAATCTTACGTATATAATTTATTATCAATTAATTATGGATGTTATCAACTATTCGATTTTAATTCTCCAGATTTAGAGAAACTTATACGAATTCCTTTTAAAGGCAAGATACCAGCTGTAACATTTATATTGCATCTTTATGCTAAGCTTGAAATAATAAACTATGCTATTAAGAATGGAGCTTGGATTAGTTTGTTTTGTAACTACCCAAAATCTGAAATGATTAAATTATGGAAGAAAATGTGGAATATAACAGCATTACGGTCTCCCTACACGAGTGCGAACTTCTTTCAAGAT</Hsp_qseq>
              <Hsp_hseq>ATGGGGAAGTACAATCTAATCTTGTCAGAATATTTATCATTTGTTTACAATTCACAATCTGCAGTTCAAATACCAATTTACTATTCTTCTAATTCAGAATTAGAAAAGAGATGTATCGAATTTCATGCCAAATGTGTTGACAGTTCTAAGAGAGGTCTGTCATTAAAACCTTTATTCGAAGAATATAAAGATGTAATAGATAATGCAACTTTACTATCTATATTATCATATTCTTATGACAAATACAACGCTGTAGAACGAAAGCTAGTCAATTATGCTAAAGGTAAACCATTAGAGGCTGATTTAACGGCAAACGAGATTGATTATGAAAACAATAAAATAACTTCTGAATTGTTTCAGTCAGCCGAAGAATATACTGATTCATTAATGGATCCTGCTATATTAACTTCGTTATCTTCAAATTTAAATGCAGTCATGTTTTGGTTAGAACGACATTCAAATGACGTTGCTGATACAAACAAAATTTATAAACGTAGACTGGATCTATTTACCATAGTAGCATCTACAATAAATAAATATGGAGTGCCTAGACATAATGAAAAATACAGATATGAATACGAGGTGATGAAGGATAAACCGTATTACTTAGTAACATGGGCTAACTCATCTATAGAAATGCTTATGTCAGTGTTTTCACATGAAGATTATTTAATAGCGAAAGAGTTAATAATATTATCATATTCAAATAGATCGACGTTAGCTAAACTAGTTTCATCTCCAATGTCGATATTAGTTGCATTAATAGATATCAATGGTACGTTTATTACAAATGAAGAGTTAGAACTTGAATTTTCAGATAAATATGTTAAGGCAATTGTACCTGATCAGATTTTCGATGAATTACAGGAAATGATCGACAATATGAGAAAAGCTGGTTTAGTAGATATACCAAGAATGATTCAAGAATGGTTAGTTGATTGTTCATTAGAGAAATTTACACTGATGTCAAAAATTTATTCTTGGTCATTTCATGTTGGATTTAGAAAACAAAAGATGATTGACGCAGCATTAGACCAATTGAAGACAGAGTACACTGAAGATGTAGATGGTGAGATGTACAATGAGTATACAATGTTAATTAGAGATGAAATAGTCAAGATGCTAGAAGTACCAGTTAAACATGATGATCATCTACTTCGCGATTCAGAATTAGCCGGATTGTTATCAATGTCATCAGCTTCAAATGGTGAATCAAGGCAGCTTAAATTTGGTCGTAAAACGATATTTTCAACTAAGAAAAATATGCATGTCATGGATGATATTGCACATGGAAGATATACTCCGGGTGTCATTCCTCCAGTAAACGTAGATAGACCAATTCCATTAGGTCGTAGAGATGTTCCTGGACGAAGAACAAGAATTATATTCATATTACCATATGAATACTTTATTGCGCAGCACGCTGTCGTAGAAAAAATGTTATCATACGCAAAGCATACTAGAGAGTACGCAGAATTTTACTCGCAGTCAAATCAATTGCTATCATATGGTGATGTTACAAGATTCTTATCCAGTAATTCTATGGTATTATACACAGACGTTTCACAATGGGATTCGTCACAACATAACACACAGCCATTTAGAAAAGGAATAATTATGGGTTTAGATATGTTATCCAATATGACTAATGATCCAAAAGTAGTACAAACGCTAAATTTATATAAACAAACACAAATTAATCTCATGGATTCATACGTTCAAATACCTGATGGTAATGTAATCAAAAAGATTCAGTATGGTGCTGTTGCTTCAGGAGAAAAACAAACTAAGGCAGCTAATTCTATAGCTAACTTAGCACTCATTAAAACGGTATTGTCAAGGATTGCAAATAAGTATTCTTTTATAACCAAAATAATCAGAGTCGATGGTGATGATAATTATGCAGTGCTACAATTTAACACCGATGTCACTAAACAAATGGTCCAAGATGTGTCAAACGATGTGAGATATATATATTCTAGAATGAATGCTAAAGTTAAAGCATTGGTATCTACAGTCGGTATTGAAATAGCAAAAAGATATATAGCAGGAGGAAAAATATTTTTCAGAGCTGGTATAAACTTATTAAATAATGAGAAACGTGGGCAAAGTACACAATGGGATCAAGCAGCTATTTTATATTCAAACTACATTGTTAACAAATTACGAGGATTTGAGACTGATAGAGAATTTATATTAACTAAAATTATACAAATGACATCTGTAGCCATTACTGGATCACTAAGGTTATTTCCGTCAGAACGAGTGTTAACTACTAATTCTACATTCAAAGTATTTGACTCAGAAGATTTCATTATAGAATATGGGACAACTAACGATGAAGTATATATACAAAGAGCATTTATGTCACTGTCTAGTCAAAAGTCAGGAATAGCTGATGAAATAGCTTCTTCACAAACATTTAAAAATTATGTTAACAAATTATCTGACCAATTATTAATATCAAAAAACGTAATTGTATCCAAAGGTATAGCTGTAACAGAAAAGGCGAAATTGAATTCATATGCACCAGTTTATTTAGAAAAACGTCGTGCGCAAATATCAGCGTTATTAACTATGTTGCAGAAACCAGTGTCATTTAAATCAAATAAAATTACTATTAATGACATTTTGCGTGACATAAAACCATTTTTTGTCACTTCTGAAGCTAATTTGCCAATTCAATACAGAAAATTTATGCCAACACTACCTAATAATGTCCAATATGTTATACAATGCATAGGATCGAGGACGTATCAAATAGAAGATAGTGGGTCAAAATCATCGATTTCGAAGTTAATATCAAAATATTCAGTTTACAAACCATCGATTGAAGAACTATATAAAGTTATATCTTTAAGAGAACAAGAAATACAGTTGTATTTAGTTTCATTAGGAGTTCCACCAGTTGATGCAGGCACGTACGTTGGGTCAAGAATATATTCGCAGGATAAGTATAAAATATTAGAATCTTACGTATATAATTTATTATCAATTAATTATGGATGTTATCAACTATTCGATTTTAATTCTCCAGATTTAGAGAAACTTATACGAATTCCTTTTAAAGGCAAGATACCAGCCGTAACATTTATATTGCATCTTTATGCTAAACTTGAAATAATAAACTATGCTATTAAGAATGGAGCTTGGATTAGTTTGTTTTGTAACTACCCAAAATCTGAAATGATTAAATTATGGAAGAAAATGTGGAATATAACAGCATTACGGTCTCCCTACACTAGTGCGAACTTCTTTCAAGAT</Hsp_hseq>
              <Hsp_midline>|||||||||||||||||||||||||||||||||||||||||||||||||||||||||||||||||||||||||||||||||||||||||||||||||||||||||||||||||||||||||||||||| |||||||||||||||||||||| |||| ||||||||| ||||||||||||||||||| ||||||||||||||||||||||||||||||||||||||||||||||||||||||||||||||||||||||||||||| ||||||||||||||||||||||||||||||||||||||||| |||||||||| |||||||||||||| ||||||||||||||||||||||||||||| ||||||||||| |||||||||||||||||||||||||||||||||||||||||||||||||||||||||||||||||||||||||||||||||||||||||| || ||||| |||| ||||||||||| |||||| |||||||||||||||||||||||||||||||||||||||||||||||||||||||||||||||||||||||||||||||||||||||||||||||||||||||||||||||||||||||||||||||||||||||||||||||||||||||||||||||||||||||||||||||||| |||||||||||||||||||||||||||||||||||||||||||||||| |||||||||||||||||||||||||||||||||| |||||||||||||||||||||||||||||||||||||||||||||||||||||||||||||||||||||||||||||||||||||| ||||||||||||||||||||||||||||| ||||||||||||||||||||||||||||||||||||||||||||||||||||||||||||||||| ||||||||||||||| ||||||||||||||||||||||||||||||||||||||||||||||||||||||||||||||||||||||||| ||||||||||||||||||||||||||||||||||||||||||||||||||||| |||||||||||||||||||||||||||||||||||||||||||||||||||||||||||||||||||||||||||||||||||||||||||||||||||||||||||||||||||||||||||||||| |||||||||||||||||||||||||||||||||||||||||||||||||||||||||||||||||||||||||||||||||||||| |||||||||||||||||||||||||||||||||||||||||||||||||||||||||||||||||||||||||| ||||||||||||||||||||||||||||||||||||||||||||||| ||||||||||||||||||||||| |||||||||||||||||||||||||||||||| ||||||||||||||  ||||||| || |||||||||||||| |||||||||||||||||||||||||||||||||||||||||||||||||| ||||| |||||||||||||||||||||||||||||||||||||||||||||||||||||||||||||||||||||||||||||||||||||||||||| |||||||||||||||||||||||||||||||||||||||||||||||||||||||||||||||||||||||||||||||||||||||||||||||||||||||||||||||||||||||||||||||||||||| |||||||||||||||||||| ||||||||||||||||||||||||||||||||||||||||||||||||||||||||||||||||||||||||||||||||||||||||||||||||||||||||||||||||||||||||||||||||||||||||||||||||||||||||||||||||||||||||||||| |||||||||||||||||||||||||| ||||||||||||||||||||||||||||||||||||||||||||||||||||||||||||||||||||||||||||||||||||||||||||||||||||||||||||||||||||||| |||||||||||||||||||||||||||||||||||||||||||||||||||||||||||||||||||||||||| |||||||||||||||||| ||||||| |||||||||||||||||||||||||||||||||||||||||||||||||||||||||||||||||||||||||||||| | ||||||||||||||||||||||||||||||||||||||||||||||| |||||||||||||||||||||||||||||||||||||||||||||||||||||||||||||||||||||||||||||||||||||||||||||||||||||||||||||||||||||||||||||||||||||||||||||||||||||||||||||||||||||||||| ||||||||||||||||||||||||||||||||||||||||||||||||||||||||||||||||||||||||||||| |||||||||||||||||||||||||||||||||||||||||||||||||||||||| ||||||||||||||||| ||||||||||| ||||||||||||||||| ||||||||||||||||||||||||||||| |||||||||||||||||||||||||||||||||||||||||||||||||| |||||||||||||||||||||||||||||||||||||||||||||||||||||||||||||||||||||||||||||||||||||||||||| ||||| |||||||||||||||||||||||||||||||||||||||||||||||||||||||||||||||||||||||||||||||||||||||||||||||||||||||||||||||||||||||||||||||||||||||||||||||||||||||||||||||||||| ||||||||||||||||||||||||||||| |||||||||||||||||||||||||||||||||||||||||||||||||||||||||||||||||||||||||||||||||||||||||||||||||||||||||||||||||||||||||||||||| |||||||||||||||||||||</Hsp_midline>
            </Hsp>
            <Hsp>
              <Hsp_num>2</Hsp_num>
              <Hsp_bit-score>28.3792</Hsp_bit-score>
              <Hsp_score>14</Hsp_score>
              <Hsp_evalue>9.85754</Hsp_evalue>
              <Hsp_query-from>2068</Hsp_query-from>
              <Hsp_query-to>2055</Hsp_query-to>
              <Hsp_hit-from>2054</Hsp_hit-from>
              <Hsp_hit-to>2067</Hsp_hit-to>
              <Hsp_query-frame>1</Hsp_query-frame>
              <Hsp_hit-frame>-1</Hsp_hit-frame>
              <Hsp_identity>14</Hsp_identity>
              <Hsp_positive>14</Hsp_positive>
              <Hsp_align-len>14</Hsp_align-len>
              <Hsp_qseq>GAAAAATATTTTTC</Hsp_qseq>
              <Hsp_hseq>GAAAAATATTTTTC</Hsp_hseq>
              <Hsp_midline>||||||||||||||</Hsp_midline>
            </Hsp>
          </Hit_hsps>
        </Hit>
      </Iteration_hits>
      <Iteration_stat>
        <Statistics>
          <Statistics_db-num>647</Statistics_db-num>
          <Statistics_db-len>1068354</Statistics_db-len>
          <Statistics_hsp-len>0</Statistics_hsp-len>
          <Statistics_eff-space>0</Statistics_eff-space>
          <Statistics_kappa>0.711644</Statistics_kappa>
          <Statistics_lambda>1.38077</Statistics_lambda>
          <Statistics_entropy>1.31258</Statistics_entropy>
        </Statistics>
      </Iteration_stat>
    </Iteration>
  </BlastOutput_iterations>
</BlastOutput>